Archive member included to satisfy reference by file (symbol)

z:/softwares/open_stm/intallation/plugins/fr.ac6.mcu.externaltools.arm-none.win32_1.17.0.201812190825/tools/compiler/bin/../lib/gcc/arm-none-eabi/7.3.1/thumb/v7e-m/fpv4-sp/hard\libgcc.a(_aeabi_uldivmod.o)
                              Drivers/STM32F4xx_HAL_Driver/Src/stm32f4xx_hal_rcc.o (__aeabi_uldivmod)
z:/softwares/open_stm/intallation/plugins/fr.ac6.mcu.externaltools.arm-none.win32_1.17.0.201812190825/tools/compiler/bin/../lib/gcc/arm-none-eabi/7.3.1/thumb/v7e-m/fpv4-sp/hard\libgcc.a(_udivmoddi4.o)
                              z:/softwares/open_stm/intallation/plugins/fr.ac6.mcu.externaltools.arm-none.win32_1.17.0.201812190825/tools/compiler/bin/../lib/gcc/arm-none-eabi/7.3.1/thumb/v7e-m/fpv4-sp/hard\libgcc.a(_aeabi_uldivmod.o) (__udivmoddi4)
z:/softwares/open_stm/intallation/plugins/fr.ac6.mcu.externaltools.arm-none.win32_1.17.0.201812190825/tools/compiler/bin/../lib/gcc/arm-none-eabi/7.3.1/thumb/v7e-m/fpv4-sp/hard\libgcc.a(_dvmd_tls.o)
                              z:/softwares/open_stm/intallation/plugins/fr.ac6.mcu.externaltools.arm-none.win32_1.17.0.201812190825/tools/compiler/bin/../lib/gcc/arm-none-eabi/7.3.1/thumb/v7e-m/fpv4-sp/hard\libgcc.a(_aeabi_uldivmod.o) (__aeabi_ldiv0)
z:/softwares/open_stm/intallation/plugins/fr.ac6.mcu.externaltools.arm-none.win32_1.17.0.201812190825/tools/compiler/bin/../lib/gcc/arm-none-eabi/7.3.1/../../../../arm-none-eabi/lib/thumb/v7e-m/fpv4-sp/hard\libc_nano.a(lib_a-errno.o)
                              Src/syscalls.o (__errno)
z:/softwares/open_stm/intallation/plugins/fr.ac6.mcu.externaltools.arm-none.win32_1.17.0.201812190825/tools/compiler/bin/../lib/gcc/arm-none-eabi/7.3.1/../../../../arm-none-eabi/lib/thumb/v7e-m/fpv4-sp/hard\libc_nano.a(lib_a-exit.o)
                              z:/softwares/open_stm/intallation/plugins/fr.ac6.mcu.externaltools.arm-none.win32_1.17.0.201812190825/tools/compiler/bin/../lib/gcc/arm-none-eabi/7.3.1/../../../../arm-none-eabi/lib/thumb/v7e-m/fpv4-sp/hard/crt0.o (exit)
z:/softwares/open_stm/intallation/plugins/fr.ac6.mcu.externaltools.arm-none.win32_1.17.0.201812190825/tools/compiler/bin/../lib/gcc/arm-none-eabi/7.3.1/../../../../arm-none-eabi/lib/thumb/v7e-m/fpv4-sp/hard\libc_nano.a(lib_a-impure.o)
                              z:/softwares/open_stm/intallation/plugins/fr.ac6.mcu.externaltools.arm-none.win32_1.17.0.201812190825/tools/compiler/bin/../lib/gcc/arm-none-eabi/7.3.1/../../../../arm-none-eabi/lib/thumb/v7e-m/fpv4-sp/hard\libc_nano.a(lib_a-exit.o) (_global_impure_ptr)
z:/softwares/open_stm/intallation/plugins/fr.ac6.mcu.externaltools.arm-none.win32_1.17.0.201812190825/tools/compiler/bin/../lib/gcc/arm-none-eabi/7.3.1/../../../../arm-none-eabi/lib/thumb/v7e-m/fpv4-sp/hard\libc_nano.a(lib_a-init.o)
                              z:/softwares/open_stm/intallation/plugins/fr.ac6.mcu.externaltools.arm-none.win32_1.17.0.201812190825/tools/compiler/bin/../lib/gcc/arm-none-eabi/7.3.1/../../../../arm-none-eabi/lib/thumb/v7e-m/fpv4-sp/hard/crt0.o (__libc_init_array)
z:/softwares/open_stm/intallation/plugins/fr.ac6.mcu.externaltools.arm-none.win32_1.17.0.201812190825/tools/compiler/bin/../lib/gcc/arm-none-eabi/7.3.1/../../../../arm-none-eabi/lib/thumb/v7e-m/fpv4-sp/hard\libc_nano.a(lib_a-memset.o)
                              z:/softwares/open_stm/intallation/plugins/fr.ac6.mcu.externaltools.arm-none.win32_1.17.0.201812190825/tools/compiler/bin/../lib/gcc/arm-none-eabi/7.3.1/../../../../arm-none-eabi/lib/thumb/v7e-m/fpv4-sp/hard/crt0.o (memset)

Allocating common symbols
Common symbol       size              file

hdma_memtomem_dma2_stream0
                    0x60              Src/main.o
uwTick              0x4               Drivers/STM32F4xx_HAL_Driver/Src/stm32f4xx_hal.o
pFlash              0x20              Drivers/STM32F4xx_HAL_Driver/Src/stm32f4xx_hal_flash.o
huart2              0x40              Src/main.o

Discarded input sections

 .text          0x00000000        0x0 z:/softwares/open_stm/intallation/plugins/fr.ac6.mcu.externaltools.arm-none.win32_1.17.0.201812190825/tools/compiler/bin/../lib/gcc/arm-none-eabi/7.3.1/thumb/v7e-m/fpv4-sp/hard/crti.o
 .data          0x00000000        0x0 z:/softwares/open_stm/intallation/plugins/fr.ac6.mcu.externaltools.arm-none.win32_1.17.0.201812190825/tools/compiler/bin/../lib/gcc/arm-none-eabi/7.3.1/thumb/v7e-m/fpv4-sp/hard/crti.o
 .bss           0x00000000        0x0 z:/softwares/open_stm/intallation/plugins/fr.ac6.mcu.externaltools.arm-none.win32_1.17.0.201812190825/tools/compiler/bin/../lib/gcc/arm-none-eabi/7.3.1/thumb/v7e-m/fpv4-sp/hard/crti.o
 .data          0x00000000        0x4 z:/softwares/open_stm/intallation/plugins/fr.ac6.mcu.externaltools.arm-none.win32_1.17.0.201812190825/tools/compiler/bin/../lib/gcc/arm-none-eabi/7.3.1/thumb/v7e-m/fpv4-sp/hard/crtbegin.o
[...]
Memory Configuration

Name             Origin             Length             Attributes
RAM              0x20000000         0x00020000         xrw
FLASH            0x08000000         0x00080000         xr
*default*        0x00000000         0xffffffff

Linker script and memory map

LOAD z:/softwares/open_stm/intallation/plugins/fr.ac6.mcu.externaltools.arm-none.win32_1.17.0.201812190825/tools/compiler/bin/../lib/gcc/arm-none-eabi/7.3.1/thumb/v7e-m/fpv4-sp/hard/crti.o
LOAD z:/softwares/open_stm/intallation/plugins/fr.ac6.mcu.externaltools.arm-none.win32_1.17.0.201812190825/tools/compiler/bin/../lib/gcc/arm-none-eabi/7.3.1/thumb/v7e-m/fpv4-sp/hard/crtbegin.o
LOAD z:/softwares/open_stm/intallation/plugins/fr.ac6.mcu.externaltools.arm-none.win32_1.17.0.201812190825/tools/compiler/bin/../lib/gcc/arm-none-eabi/7.3.1/../../../../arm-none-eabi/lib/thumb/v7e-m/fpv4-sp/hard/crt0.o
LOAD Drivers/STM32F4xx_HAL_Driver/Src/stm32f4xx_hal.o
LOAD Drivers/STM32F4xx_HAL_Driver/Src/stm32f4xx_hal_cortex.o
LOAD Drivers/STM32F4xx_HAL_Driver/Src/stm32f4xx_hal_dma.o
LOAD Drivers/STM32F4xx_HAL_Driver/Src/stm32f4xx_hal_dma_ex.o
LOAD Drivers/STM32F4xx_HAL_Driver/Src/stm32f4xx_hal_exti.o
LOAD Drivers/STM32F4xx_HAL_Driver/Src/stm32f4xx_hal_flash.o
LOAD Drivers/STM32F4xx_HAL_Driver/Src/stm32f4xx_hal_flash_ex.o
LOAD Drivers/STM32F4xx_HAL_Driver/Src/stm32f4xx_hal_flash_ramfunc.o
LOAD Drivers/STM32F4xx_HAL_Driver/Src/stm32f4xx_hal_gpio.o
LOAD Drivers/STM32F4xx_HAL_Driver/Src/stm32f4xx_hal_pwr.o
LOAD Drivers/STM32F4xx_HAL_Driver/Src/stm32f4xx_hal_pwr_ex.o
LOAD Drivers/STM32F4xx_HAL_Driver/Src/stm32f4xx_hal_rcc.o
LOAD Drivers/STM32F4xx_HAL_Driver/Src/stm32f4xx_hal_rcc_ex.o
LOAD Drivers/STM32F4xx_HAL_Driver/Src/stm32f4xx_hal_tim.o
LOAD Drivers/STM32F4xx_HAL_Driver/Src/stm32f4xx_hal_tim_ex.o
LOAD Drivers/STM32F4xx_HAL_Driver/Src/stm32f4xx_hal_uart.o
LOAD Src/main.o
LOAD Src/stm32f4xx_hal_msp.o
LOAD Src/stm32f4xx_it.o
LOAD Src/syscalls.o
LOAD Src/system_stm32f4xx.o
LOAD startup/startup_stm32f446xx.o
LOAD z:/softwares/open_stm/intallation/plugins/fr.ac6.mcu.externaltools.arm-none.win32_1.17.0.201812190825/tools/compiler/bin/../lib/gcc/arm-none-eabi/7.3.1/../../../../arm-none-eabi/lib/thumb/v7e-m/fpv4-sp/hard\libm.a
START GROUP
LOAD z:/softwares/open_stm/intallation/plugins/fr.ac6.mcu.externaltools.arm-none.win32_1.17.0.201812190825/tools/compiler/bin/../lib/gcc/arm-none-eabi/7.3.1/thumb/v7e-m/fpv4-sp/hard\libgcc.a
LOAD z:/softwares/open_stm/intallation/plugins/fr.ac6.mcu.externaltools.arm-none.win32_1.17.0.201812190825/tools/compiler/bin/../lib/gcc/arm-none-eabi/7.3.1/../../../../arm-none-eabi/lib/thumb/v7e-m/fpv4-sp/hard\libc_nano.a
END GROUP
START GROUP
LOAD z:/softwares/open_stm/intallation/plugins/fr.ac6.mcu.externaltools.arm-none.win32_1.17.0.201812190825/tools/compiler/bin/../lib/gcc/arm-none-eabi/7.3.1/thumb/v7e-m/fpv4-sp/hard\libgcc.a
LOAD z:/softwares/open_stm/intallation/plugins/fr.ac6.mcu.externaltools.arm-none.win32_1.17.0.201812190825/tools/compiler/bin/../lib/gcc/arm-none-eabi/7.3.1/../../../../arm-none-eabi/lib/thumb/v7e-m/fpv4-sp/hard\libc_nano.a
LOAD z:/softwares/open_stm/intallation/plugins/fr.ac6.mcu.externaltools.arm-none.win32_1.17.0.201812190825/tools/compiler/bin/../lib/gcc/arm-none-eabi/7.3.1/../../../../arm-none-eabi/lib/thumb/v7e-m/fpv4-sp/hard\libnosys.a
END GROUP
START GROUP
LOAD z:/softwares/open_stm/intallation/plugins/fr.ac6.mcu.externaltools.arm-none.win32_1.17.0.201812190825/tools/compiler/bin/../lib/gcc/arm-none-eabi/7.3.1/thumb/v7e-m/fpv4-sp/hard\libgcc.a
LOAD z:/softwares/open_stm/intallation/plugins/fr.ac6.mcu.externaltools.arm-none.win32_1.17.0.201812190825/tools/compiler/bin/../lib/gcc/arm-none-eabi/7.3.1/../../../../arm-none-eabi/lib/thumb/v7e-m/fpv4-sp/hard\libc_nano.a
LOAD z:/softwares/open_stm/intallation/plugins/fr.ac6.mcu.externaltools.arm-none.win32_1.17.0.201812190825/tools/compiler/bin/../lib/gcc/arm-none-eabi/7.3.1/../../../../arm-none-eabi/lib/thumb/v7e-m/fpv4-sp/hard\libnosys.a
END GROUP
LOAD z:/softwares/open_stm/intallation/plugins/fr.ac6.mcu.externaltools.arm-none.win32_1.17.0.201812190825/tools/compiler/bin/../lib/gcc/arm-none-eabi/7.3.1/thumb/v7e-m/fpv4-sp/hard/crtend.o
LOAD z:/softwares/open_stm/intallation/plugins/fr.ac6.mcu.externaltools.arm-none.win32_1.17.0.201812190825/tools/compiler/bin/../lib/gcc/arm-none-eabi/7.3.1/thumb/v7e-m/fpv4-sp/hard/crtn.o
                0x20020000                _estack = 0x20020000
                0x00000200                _Min_Heap_Size = 0x200
                0x00000400                _Min_Stack_Size = 0x400

.isr_vector     0x08000000      0x1c4
                0x08000000                . = ALIGN (0x4)
 *(.isr_vector)
 .isr_vector    0x08000000      0x1c4 startup/startup_stm32f446xx.o
                0x08000000                g_pfnVectors
                0x080001c4                . = ALIGN (0x4)

.text           0x080001c4     0x19bc
                0x080001c4                . = ALIGN (0x4)
 *(.text)
 .text          0x080001c4       0x40 z:/softwares/open_stm/intallation/plugins/fr.ac6.mcu.externaltools.arm-none.win32_1.17.0.201812190825/tools/compiler/bin/../lib/gcc/arm-none-eabi/7.3.1/thumb/v7e-m/fpv4-sp/hard/crtbegin.o
 .text          0x08000204       0x30 z:/softwares/open_stm/intallation/plugins/fr.ac6.mcu.externaltools.arm-none.win32_1.17.0.201812190825/tools/compiler/bin/../lib/gcc/arm-none-eabi/7.3.1/thumb/v7e-m/fpv4-sp/hard\libgcc.a(_aeabi_uldivmod.o)
                0x08000204                __aeabi_uldivmod
 .text          0x08000234      0x2cc z:/softwares/open_stm/intallation/plugins/fr.ac6.mcu.externaltools.arm-none.win32_1.17.0.201812190825/tools/compiler/bin/../lib/gcc/arm-none-eabi/7.3.1/thumb/v7e-m/fpv4-sp/hard\libgcc.a(_udivmoddi4.o)
                0x08000234                __udivmoddi4
 .text          0x08000500        0x4 z:/softwares/open_stm/intallation/plugins/fr.ac6.mcu.externaltools.arm-none.win32_1.17.0.201812190825/tools/compiler/bin/../lib/gcc/arm-none-eabi/7.3.1/thumb/v7e-m/fpv4-sp/hard\libgcc.a(_dvmd_tls.o)
                0x08000500                __aeabi_idiv0
                0x08000500                __aeabi_ldiv0
 *(.text*)
 .text.HAL_InitTick
                0x08000504       0x48 Drivers/STM32F4xx_HAL_Driver/Src/stm32f4xx_hal.o
                0x08000504                HAL_InitTick
 .text.HAL_Init
                0x0800054c       0x34 Drivers/STM32F4xx_HAL_Driver/Src/stm32f4xx_hal.o
                0x0800054c                HAL_Init
 .text.HAL_IncTick
                0x08000580       0x18 Drivers/STM32F4xx_HAL_Driver/Src/stm32f4xx_hal.o
                0x08000580                HAL_IncTick
 .text.HAL_GetTick
                0x08000598        0xc Drivers/STM32F4xx_HAL_Driver/Src/stm32f4xx_hal.o
                0x08000598                HAL_GetTick
 .text.HAL_Delay
                0x080005a4       0x28 Drivers/STM32F4xx_HAL_Driver/Src/stm32f4xx_hal.o
                0x080005a4                HAL_Delay
 .text.HAL_NVIC_SetPriorityGrouping
                0x080005cc       0x24 Drivers/STM32F4xx_HAL_Driver/Src/stm32f4xx_hal_cortex.o
                0x080005cc                HAL_NVIC_SetPriorityGrouping
 .text.HAL_NVIC_SetPriority
                0x080005f0       0x68 Drivers/STM32F4xx_HAL_Driver/Src/stm32f4xx_hal_cortex.o
                0x080005f0                HAL_NVIC_SetPriority
 .text.HAL_NVIC_EnableIRQ
                0x08000658       0x1c Drivers/STM32F4xx_HAL_Driver/Src/stm32f4xx_hal_cortex.o
                0x08000658                HAL_NVIC_EnableIRQ
 .text.HAL_SYSTICK_Config
                0x08000674       0x2c Drivers/STM32F4xx_HAL_Driver/Src/stm32f4xx_hal_cortex.o
                0x08000674                HAL_SYSTICK_Config
 .text.DMA_SetConfig
                0x080006a0       0x2c Drivers/STM32F4xx_HAL_Driver/Src/stm32f4xx_hal_dma.o
 .text.DMA_CalcBaseAndBitshift
                0x080006cc       0x3c Drivers/STM32F4xx_HAL_Driver/Src/stm32f4xx_hal_dma.o
 .text.DMA_CheckFifoParam
                0x08000708       0x8e Drivers/STM32F4xx_HAL_Driver/Src/stm32f4xx_hal_dma.o
 *fill*         0x08000796        0x2 
 .text.HAL_DMA_Init
                0x08000798       0xcc Drivers/STM32F4xx_HAL_Driver/Src/stm32f4xx_hal_dma.o
                0x08000798                HAL_DMA_Init
 .text.HAL_DMA_Start_IT
                0x08000864       0x74 Drivers/STM32F4xx_HAL_Driver/Src/stm32f4xx_hal_dma.o
                0x08000864                HAL_DMA_Start_IT
 .text.HAL_DMA_IRQHandler
                0x080008d8      0x1dc Drivers/STM32F4xx_HAL_Driver/Src/stm32f4xx_hal_dma.o
                0x080008d8                HAL_DMA_IRQHandler
 .text.HAL_DMA_RegisterCallback
                0x08000ab4       0x5e Drivers/STM32F4xx_HAL_Driver/Src/stm32f4xx_hal_dma.o
                0x08000ab4                HAL_DMA_RegisterCallback
 *fill*         0x08000b12        0x2 
 .text.HAL_GPIO_Init
                0x08000b14      0x1bc Drivers/STM32F4xx_HAL_Driver/Src/stm32f4xx_hal_gpio.o
                0x08000b14                HAL_GPIO_Init
 .text.HAL_GPIO_WritePin
                0x08000cd0        0xc Drivers/STM32F4xx_HAL_Driver/Src/stm32f4xx_hal_gpio.o
                0x08000cd0                HAL_GPIO_WritePin
 .text.HAL_RCC_ClockConfig
                0x08000cdc      0x158 Drivers/STM32F4xx_HAL_Driver/Src/stm32f4xx_hal_rcc.o
                0x08000cdc                HAL_RCC_ClockConfig
 .text.HAL_RCC_GetHCLKFreq
                0x08000e34        0xc Drivers/STM32F4xx_HAL_Driver/Src/stm32f4xx_hal_rcc.o
                0x08000e34                HAL_RCC_GetHCLKFreq
 .text.HAL_RCC_GetPCLK1Freq
                0x08000e40       0x20 Drivers/STM32F4xx_HAL_Driver/Src/stm32f4xx_hal_rcc.o
                0x08000e40                HAL_RCC_GetPCLK1Freq
 .text.HAL_RCC_GetPCLK2Freq
                0x08000e60       0x20 Drivers/STM32F4xx_HAL_Driver/Src/stm32f4xx_hal_rcc.o
                0x08000e60                HAL_RCC_GetPCLK2Freq
 .text.HAL_RCC_GetSysClockFreq
                0x08000e80      0x184 Drivers/STM32F4xx_HAL_Driver/Src/stm32f4xx_hal_rcc_ex.o
                0x08000e80                HAL_RCC_GetSysClockFreq
 .text.HAL_RCC_OscConfig
                0x08001004      0x3c4 Drivers/STM32F4xx_HAL_Driver/Src/stm32f4xx_hal_rcc_ex.o
                0x08001004                HAL_RCC_OscConfig
 .text.UART_SetConfig
                0x080013c8      0x334 Drivers/STM32F4xx_HAL_Driver/Src/stm32f4xx_hal_uart.o
 .text.HAL_UART_Init
                0x080016fc       0x5e Drivers/STM32F4xx_HAL_Driver/Src/stm32f4xx_hal_uart.o
                0x080016fc                HAL_UART_Init
 .text.my_DMA_TC_CB
                0x0800175a        0x2 Src/main.o
                0x0800175a                my_DMA_TC_CB
 .text.MX_GPIO_Init
                0x0800175c       0xac Src/main.o
 .text.MX_DMA_Init
                0x08001808       0x6c Src/main.o
 .text.MX_USART2_UART_Init
                0x08001874       0x2c Src/main.o
 .text.SystemClock_Config
                0x080018a0       0x94 Src/main.o
                0x080018a0                SystemClock_Config
 .text.main     0x08001934       0x60 Src/main.o
                0x08001934                main
 .text.HAL_MspInit
                0x08001994       0x40 Src/stm32f4xx_hal_msp.o
                0x08001994                HAL_MspInit
 .text.HAL_UART_MspInit
                0x080019d4       0x74 Src/stm32f4xx_hal_msp.o
                0x080019d4                HAL_UART_MspInit
 .text.NMI_Handler
                0x08001a48        0x2 Src/stm32f4xx_it.o
                0x08001a48                NMI_Handler
 .text.HardFault_Handler
                0x08001a4a        0x2 Src/stm32f4xx_it.o
                0x08001a4a                HardFault_Handler
 .text.MemManage_Handler
                0x08001a4c        0x2 Src/stm32f4xx_it.o
                0x08001a4c                MemManage_Handler
 .text.BusFault_Handler
                0x08001a4e        0x2 Src/stm32f4xx_it.o
                0x08001a4e                BusFault_Handler
 .text.UsageFault_Handler
                0x08001a50        0x2 Src/stm32f4xx_it.o
                0x08001a50                UsageFault_Handler
 .text.SVC_Handler
                0x08001a52        0x2 Src/stm32f4xx_it.o
                0x08001a52                SVC_Handler
 .text.DebugMon_Handler
                0x08001a54        0x2 Src/stm32f4xx_it.o
                0x08001a54                DebugMon_Handler
 .text.PendSV_Handler
                0x08001a56        0x2 Src/stm32f4xx_it.o
                0x08001a56                PendSV_Handler
 .text.SysTick_Handler
                0x08001a58        0x8 Src/stm32f4xx_it.o
                0x08001a58                SysTick_Handler
 .text.DMA2_Stream0_IRQHandler
                0x08001a60       0x10 Src/stm32f4xx_it.o
                0x08001a60                DMA2_Stream0_IRQHandler
 .text.SystemInit
                0x08001a70       0x4c Src/system_stm32f4xx.o
                0x08001a70                SystemInit
 .text.Reset_Handler
                0x08001abc       0x50 startup/startup_stm32f446xx.o
                0x08001abc                Reset_Handler
 .text.Default_Handler
                0x08001b0c        0x2 startup/startup_stm32f446xx.o
                0x08001b0c                RTC_Alarm_IRQHandler
                0x08001b0c                EXTI2_IRQHandler
                0x08001b0c                TIM8_CC_IRQHandler
                0x08001b0c                FMPI2C1_EV_IRQHandler
                0x08001b0c                SPI4_IRQHandler
                0x08001b0c                TIM1_CC_IRQHandler
                0x08001b0c                DMA2_Stream5_IRQHandler
                0x08001b0c                DMA1_Stream5_IRQHandler
                0x08001b0c                PVD_IRQHandler
                0x08001b0c                SDIO_IRQHandler
                0x08001b0c                TAMP_STAMP_IRQHandler
                0x08001b0c                CAN2_RX1_IRQHandler
                0x08001b0c                EXTI3_IRQHandler
                0x08001b0c                TIM8_TRG_COM_TIM14_IRQHandler
                0x08001b0c                TIM1_UP_TIM10_IRQHandler
                0x08001b0c                TIM8_UP_TIM13_IRQHandler
                0x08001b0c                I2C3_ER_IRQHandler
                0x08001b0c                EXTI0_IRQHandler
                0x08001b0c                I2C2_EV_IRQHandler
                0x08001b0c                DMA1_Stream2_IRQHandler
                0x08001b0c                CAN1_RX0_IRQHandler
                0x08001b0c                FPU_IRQHandler
                0x08001b0c                OTG_HS_WKUP_IRQHandler
                0x08001b0c                CAN2_SCE_IRQHandler
                0x08001b0c                DMA2_Stream2_IRQHandler
                0x08001b0c                SPI1_IRQHandler
                0x08001b0c                TIM6_DAC_IRQHandler
                0x08001b0c                TIM1_BRK_TIM9_IRQHandler
                0x08001b0c                DCMI_IRQHandler
                0x08001b0c                CAN2_RX0_IRQHandler
                0x08001b0c                DMA2_Stream3_IRQHandler
                0x08001b0c                SAI2_IRQHandler
                0x08001b0c                USART6_IRQHandler
                0x08001b0c                USART3_IRQHandler
                0x08001b0c                CAN1_RX1_IRQHandler
                0x08001b0c                UART5_IRQHandler
                0x08001b0c                TIM4_IRQHandler
                0x08001b0c                QUADSPI_IRQHandler
                0x08001b0c                I2C1_EV_IRQHandler
                0x08001b0c                DMA1_Stream6_IRQHandler
                0x08001b0c                DMA1_Stream1_IRQHandler
                0x08001b0c                UART4_IRQHandler
                0x08001b0c                TIM3_IRQHandler
                0x08001b0c                RCC_IRQHandler
                0x08001b0c                TIM8_BRK_TIM12_IRQHandler
                0x08001b0c                Default_Handler
                0x08001b0c                CEC_IRQHandler
                0x08001b0c                EXTI15_10_IRQHandler
                0x08001b0c                ADC_IRQHandler
                0x08001b0c                DMA1_Stream7_IRQHandler
                0x08001b0c                TIM7_IRQHandler
                0x08001b0c                CAN2_TX_IRQHandler
                0x08001b0c                TIM5_IRQHandler
                0x08001b0c                DMA2_Stream7_IRQHandler
                0x08001b0c                I2C3_EV_IRQHandler
                0x08001b0c                EXTI9_5_IRQHandler
                0x08001b0c                RTC_WKUP_IRQHandler
                0x08001b0c                SPDIF_RX_IRQHandler
                0x08001b0c                SPI2_IRQHandler
                0x08001b0c                OTG_HS_EP1_IN_IRQHandler
                0x08001b0c                DMA1_Stream0_IRQHandler
                0x08001b0c                CAN1_TX_IRQHandler
                0x08001b0c                FMPI2C1_ER_IRQHandler
                0x08001b0c                EXTI4_IRQHandler
                0x08001b0c                OTG_HS_EP1_OUT_IRQHandler
                0x08001b0c                WWDG_IRQHandler
                0x08001b0c                TIM2_IRQHandler
                0x08001b0c                OTG_FS_WKUP_IRQHandler
                0x08001b0c                TIM1_TRG_COM_TIM11_IRQHandler
                0x08001b0c                OTG_HS_IRQHandler
                0x08001b0c                EXTI1_IRQHandler
                0x08001b0c                USART2_IRQHandler
                0x08001b0c                I2C2_ER_IRQHandler
                0x08001b0c                DMA2_Stream1_IRQHandler
                0x08001b0c                CAN1_SCE_IRQHandler
                0x08001b0c                FLASH_IRQHandler
                0x08001b0c                DMA2_Stream4_IRQHandler
                0x08001b0c                USART1_IRQHandler
                0x08001b0c                OTG_FS_IRQHandler
                0x08001b0c                SPI3_IRQHandler
                0x08001b0c                DMA1_Stream4_IRQHandler
                0x08001b0c                I2C1_ER_IRQHandler
                0x08001b0c                FMC_IRQHandler
                0x08001b0c                DMA2_Stream6_IRQHandler
                0x08001b0c                SAI1_IRQHandler
                0x08001b0c                DMA1_Stream3_IRQHandler
 *fill*         0x08001b0e        0x2 
 .text.__libc_init_array
                0x08001b10       0x48 z:/softwares/open_stm/intallation/plugins/fr.ac6.mcu.externaltools.arm-none.win32_1.17.0.201812190825/tools/compiler/bin/../lib/gcc/arm-none-eabi/7.3.1/../../../../arm-none-eabi/lib/thumb/v7e-m/fpv4-sp/hard\libc_nano.a(lib_a-init.o)
                0x08001b10                __libc_init_array
 .text.memset   0x08001b58       0x10 z:/softwares/open_stm/intallation/plugins/fr.ac6.mcu.externaltools.arm-none.win32_1.17.0.201812190825/tools/compiler/bin/../lib/gcc/arm-none-eabi/7.3.1/../../../../arm-none-eabi/lib/thumb/v7e-m/fpv4-sp/hard\libc_nano.a(lib_a-memset.o)
                0x08001b58                memset
 *(.glue_7)
 .glue_7        0x08001b68        0x0 linker stubs
 *(.glue_7t)
 .glue_7t       0x08001b68        0x0 linker stubs
 *(.eh_frame)
 .eh_frame      0x08001b68        0x0 z:/softwares/open_stm/intallation/plugins/fr.ac6.mcu.externaltools.arm-none.win32_1.17.0.201812190825/tools/compiler/bin/../lib/gcc/arm-none-eabi/7.3.1/thumb/v7e-m/fpv4-sp/hard/crtbegin.o
 *(.init)
 .init          0x08001b68        0x4 z:/softwares/open_stm/intallation/plugins/fr.ac6.mcu.externaltools.arm-none.win32_1.17.0.201812190825/tools/compiler/bin/../lib/gcc/arm-none-eabi/7.3.1/thumb/v7e-m/fpv4-sp/hard/crti.o
                0x08001b68                _init
 .init          0x08001b6c        0x8 z:/softwares/open_stm/intallation/plugins/fr.ac6.mcu.externaltools.arm-none.win32_1.17.0.201812190825/tools/compiler/bin/../lib/gcc/arm-none-eabi/7.3.1/thumb/v7e-m/fpv4-sp/hard/crtn.o
 *(.fini)
 .fini          0x08001b74        0x4 z:/softwares/open_stm/intallation/plugins/fr.ac6.mcu.externaltools.arm-none.win32_1.17.0.201812190825/tools/compiler/bin/../lib/gcc/arm-none-eabi/7.3.1/thumb/v7e-m/fpv4-sp/hard/crti.o
                0x08001b74                _fini
 .fini          0x08001b78        0x8 z:/softwares/open_stm/intallation/plugins/fr.ac6.mcu.externaltools.arm-none.win32_1.17.0.201812190825/tools/compiler/bin/../lib/gcc/arm-none-eabi/7.3.1/thumb/v7e-m/fpv4-sp/hard/crtn.o
                0x08001b80                . = ALIGN (0x4)
                0x08001b80                _etext = .

.vfp11_veneer   0x08001b80        0x0
 .vfp11_veneer  0x08001b80        0x0 linker stubs

.v4_bx          0x08001b80        0x0
 .v4_bx         0x08001b80        0x0 linker stubs

.iplt           0x08001b80        0x0
 .iplt          0x08001b80        0x0 z:/softwares/open_stm/intallation/plugins/fr.ac6.mcu.externaltools.arm-none.win32_1.17.0.201812190825/tools/compiler/bin/../lib/gcc/arm-none-eabi/7.3.1/thumb/v7e-m/fpv4-sp/hard/crtbegin.o

.rodata         0x08001b80       0x20
                0x08001b80                . = ALIGN (0x4)
 *(.rodata)
 .rodata        0x08001b80        0x8 Drivers/STM32F4xx_HAL_Driver/Src/stm32f4xx_hal_dma.o
 .rodata        0x08001b88       0x18 Src/system_stm32f4xx.o
                0x08001b88                AHBPrescTable
                0x08001b98                APBPrescTable
 *(.rodata*)
                0x08001ba0                . = ALIGN (0x4)

.ARM.extab
 *(.ARM.extab* .gnu.linkonce.armextab.*)

.ARM            0x08001ba0        0x8
                0x08001ba0                __exidx_start = .
 *(.ARM.exidx*)
 .ARM.exidx     0x08001ba0        0x8 z:/softwares/open_stm/intallation/plugins/fr.ac6.mcu.externaltools.arm-none.win32_1.17.0.201812190825/tools/compiler/bin/../lib/gcc/arm-none-eabi/7.3.1/thumb/v7e-m/fpv4-sp/hard\libgcc.a(_udivmoddi4.o)
                0x08001ba8                __exidx_end = .

.rel.dyn        0x08001ba8        0x0
 .rel.iplt      0x08001ba8        0x0 z:/softwares/open_stm/intallation/plugins/fr.ac6.mcu.externaltools.arm-none.win32_1.17.0.201812190825/tools/compiler/bin/../lib/gcc/arm-none-eabi/7.3.1/thumb/v7e-m/fpv4-sp/hard/crtbegin.o

.preinit_array  0x08001ba8        0x0
                0x08001ba8                PROVIDE (__preinit_array_start = .)
 *(.preinit_array*)
                0x08001ba8                PROVIDE (__preinit_array_end = .)

.init_array     0x08001ba8        0x4
                0x08001ba8                PROVIDE (__init_array_start = .)
 *(SORT_BY_NAME(.init_array.*))
 *(.init_array*)
 .init_array    0x08001ba8        0x4 z:/softwares/open_stm/intallation/plugins/fr.ac6.mcu.externaltools.arm-none.win32_1.17.0.201812190825/tools/compiler/bin/../lib/gcc/arm-none-eabi/7.3.1/thumb/v7e-m/fpv4-sp/hard/crtbegin.o
                0x08001bac                PROVIDE (__init_array_end = .)

.fini_array     0x08001bac        0x4
                [!provide]                PROVIDE (__fini_array_start = .)
 *(SORT_BY_NAME(.fini_array.*))
 *(.fini_array*)
 .fini_array    0x08001bac        0x4 z:/softwares/open_stm/intallation/plugins/fr.ac6.mcu.externaltools.arm-none.win32_1.17.0.201812190825/tools/compiler/bin/../lib/gcc/arm-none-eabi/7.3.1/thumb/v7e-m/fpv4-sp/hard/crtbegin.o
                [!provide]                PROVIDE (__fini_array_end = .)
                0x08001bb0                _sidata = LOADADDR (.data)

.data           0x20000000       0x10 load address 0x08001bb0
                0x20000000                . = ALIGN (0x4)
                0x20000000                _sdata = .
 *(.data)
 .data          0x20000000        0x8 Drivers/STM32F4xx_HAL_Driver/Src/stm32f4xx_hal.o
                0x20000000                uwTickFreq
                0x20000004                uwTickPrio
 .data          0x20000008        0x2 Src/main.o
                0x20000008                led_data
 *fill*         0x2000000a        0x2 
 .data          0x2000000c        0x4 Src/system_stm32f4xx.o
                0x2000000c                SystemCoreClock
 *(.data*)
                0x20000010                . = ALIGN (0x4)
                0x20000010                _edata = .

.igot.plt       0x20000010        0x0 load address 0x08001bc0
 .igot.plt      0x20000010        0x0 z:/softwares/open_stm/intallation/plugins/fr.ac6.mcu.externaltools.arm-none.win32_1.17.0.201812190825/tools/compiler/bin/../lib/gcc/arm-none-eabi/7.3.1/thumb/v7e-m/fpv4-sp/hard/crtbegin.o
                0x20000010                . = ALIGN (0x4)

.bss            0x20000010       0xc0 load address 0x08001bc0
                0x20000010                _sbss = .
                0x20000010                __bss_start__ = _sbss
 *(.bss)
 .bss           0x20000010       0x1c z:/softwares/open_stm/intallation/plugins/fr.ac6.mcu.externaltools.arm-none.win32_1.17.0.201812190825/tools/compiler/bin/../lib/gcc/arm-none-eabi/7.3.1/thumb/v7e-m/fpv4-sp/hard/crtbegin.o
 *(.bss*)
 *(COMMON)
 COMMON         0x2000002c        0x4 Drivers/STM32F4xx_HAL_Driver/Src/stm32f4xx_hal.o
                0x2000002c                uwTick
 COMMON         0x20000030       0xa0 Src/main.o
                0x20000030                hdma_memtomem_dma2_stream0
                0x20000090                huart2
                0x200000d0                . = ALIGN (0x4)
                0x200000d0                _ebss = .
                0x200000d0                __bss_end__ = _ebss

._user_heap_stack
                0x200000d0      0x600 load address 0x08001bc0
                0x200000d0                . = ALIGN (0x8)
                0x200000d0                PROVIDE (end = .)
                [!provide]                PROVIDE (_end = .)
                0x200002d0                . = (. + _Min_Heap_Size)
 *fill*         0x200000d0      0x200 
                0x200006d0                . = (. + _Min_Stack_Size)
 *fill*         0x200002d0      0x400 
                0x200006d0                . = ALIGN (0x8)

/DISCARD/
 libc.a(*)
 libm.a(*)
 libgcc.a(*)

.ARM.attributes
                0x00000000       0x30
 *(.ARM.attributes)
 .ARM.attributes
                0x00000000       0x22 z:/softwares/open_stm/intallation/plugins/fr.ac6.mcu.externaltools.arm-none.win32_1.17.0.201812190825/tools/compiler/bin/../lib/gcc/arm-none-eabi/7.3.1/thumb/v7e-m/fpv4-sp/hard/crti.o
 .ARM.attributes
                0x00000022       0x34 z:/softwares/open_stm/intallation/plugins/fr.ac6.mcu.externaltools.arm-none.win32_1.17.0.201812190825/tools/compiler/bin/../lib/gcc/arm-none-eabi/7.3.1/thumb/v7e-m/fpv4-sp/hard/crtbegin.o
 .ARM.attributes
                0x00000056       0x39 Drivers/STM32F4xx_HAL_Driver/Src/stm32f4xx_hal.o
 .ARM.attributes
                0x0000008f       0x39 Drivers/STM32F4xx_HAL_Driver/Src/stm32f4xx_hal_cortex.o
 .ARM.attributes
                0x000000c8       0x39 Drivers/STM32F4xx_HAL_Driver/Src/stm32f4xx_hal_dma.o
 .ARM.attributes
                0x00000101       0x39 Drivers/STM32F4xx_HAL_Driver/Src/stm32f4xx_hal_gpio.o
 .ARM.attributes
                0x0000013a       0x39 Drivers/STM32F4xx_HAL_Driver/Src/stm32f4xx_hal_rcc.o
 .ARM.attributes
                0x00000173       0x39 Drivers/STM32F4xx_HAL_Driver/Src/stm32f4xx_hal_rcc_ex.o
 .ARM.attributes
                0x000001ac       0x39 Drivers/STM32F4xx_HAL_Driver/Src/stm32f4xx_hal_uart.o
 .ARM.attributes
                0x000001e5       0x39 Src/main.o
 .ARM.attributes
                0x0000021e       0x39 Src/stm32f4xx_hal_msp.o
 .ARM.attributes
                0x00000257       0x39 Src/stm32f4xx_it.o
 .ARM.attributes
                0x00000290       0x39 Src/system_stm32f4xx.o
 .ARM.attributes
                0x000002c9       0x21 startup/startup_stm32f446xx.o
 .ARM.attributes
                0x000002ea       0x22 z:/softwares/open_stm/intallation/plugins/fr.ac6.mcu.externaltools.arm-none.win32_1.17.0.201812190825/tools/compiler/bin/../lib/gcc/arm-none-eabi/7.3.1/thumb/v7e-m/fpv4-sp/hard\libgcc.a(_aeabi_uldivmod.o)
 .ARM.attributes
                0x0000030c       0x34 z:/softwares/open_stm/intallation/plugins/fr.ac6.mcu.externaltools.arm-none.win32_1.17.0.201812190825/tools/compiler/bin/../lib/gcc/arm-none-eabi/7.3.1/thumb/v7e-m/fpv4-sp/hard\libgcc.a(_udivmoddi4.o)
 .ARM.attributes
                0x00000340       0x22 z:/softwares/open_stm/intallation/plugins/fr.ac6.mcu.externaltools.arm-none.win32_1.17.0.201812190825/tools/compiler/bin/../lib/gcc/arm-none-eabi/7.3.1/thumb/v7e-m/fpv4-sp/hard\libgcc.a(_dvmd_tls.o)
 .ARM.attributes
                0x00000362       0x34 z:/softwares/open_stm/intallation/plugins/fr.ac6.mcu.externaltools.arm-none.win32_1.17.0.201812190825/tools/compiler/bin/../lib/gcc/arm-none-eabi/7.3.1/../../../../arm-none-eabi/lib/thumb/v7e-m/fpv4-sp/hard\libc_nano.a(lib_a-init.o)
 .ARM.attributes
                0x00000396       0x34 z:/softwares/open_stm/intallation/plugins/fr.ac6.mcu.externaltools.arm-none.win32_1.17.0.201812190825/tools/compiler/bin/../lib/gcc/arm-none-eabi/7.3.1/../../../../arm-none-eabi/lib/thumb/v7e-m/fpv4-sp/hard\libc_nano.a(lib_a-memset.o)
 .ARM.attributes
                0x000003ca       0x22 z:/softwares/open_stm/intallation/plugins/fr.ac6.mcu.externaltools.arm-none.win32_1.17.0.201812190825/tools/compiler/bin/../lib/gcc/arm-none-eabi/7.3.1/thumb/v7e-m/fpv4-sp/hard/crtn.o
OUTPUT(LED_DMAToggle_Interrupt.elf elf32-littlearm)

.debug_info     0x00000000     0x7cee
 .debug_info    0x00000000      0xa1e Drivers/STM32F4xx_HAL_Driver/Src/stm32f4xx_hal.o
 .debug_info    0x00000a1e      0xf58 Drivers/STM32F4xx_HAL_Driver/Src/stm32f4xx_hal_cortex.o
 .debug_info    0x00001976      0xa5b Drivers/STM32F4xx_HAL_Driver/Src/stm32f4xx_hal_dma.o
 .debug_info    0x000023d1      0x7be Drivers/STM32F4xx_HAL_Driver/Src/stm32f4xx_hal_gpio.o
 .debug_info    0x00002b8f      0xa79 Drivers/STM32F4xx_HAL_Driver/Src/stm32f4xx_hal_rcc.o
 .debug_info    0x00003608      0xbe8 Drivers/STM32F4xx_HAL_Driver/Src/stm32f4xx_hal_rcc_ex.o
 .debug_info    0x000041f0     0x1730 Drivers/STM32F4xx_HAL_Driver/Src/stm32f4xx_hal_uart.o
 .debug_info    0x00005920     0x108a Src/main.o
 .debug_info    0x000069aa      0x993 Src/stm32f4xx_hal_msp.o
 .debug_info    0x0000733d      0x454 Src/stm32f4xx_it.o
 .debug_info    0x00007791      0x53b Src/system_stm32f4xx.o
 .debug_info    0x00007ccc       0x22 startup/startup_stm32f446xx.o

.debug_abbrev   0x00000000     0x172a
 .debug_abbrev  0x00000000      0x1f1 Drivers/STM32F4xx_HAL_Driver/Src/stm32f4xx_hal.o
 .debug_abbrev  0x000001f1      0x328 Drivers/STM32F4xx_HAL_Driver/Src/stm32f4xx_hal_cortex.o
 .debug_abbrev  0x00000519      0x290 Drivers/STM32F4xx_HAL_Driver/Src/stm32f4xx_hal_dma.o
 .debug_abbrev  0x000007a9      0x1e7 Drivers/STM32F4xx_HAL_Driver/Src/stm32f4xx_hal_gpio.o
 .debug_abbrev  0x00000990      0x273 Drivers/STM32F4xx_HAL_Driver/Src/stm32f4xx_hal_rcc.o
 .debug_abbrev  0x00000c03      0x229 Drivers/STM32F4xx_HAL_Driver/Src/stm32f4xx_hal_rcc_ex.o
 .debug_abbrev  0x00000e2c      0x270 Drivers/STM32F4xx_HAL_Driver/Src/stm32f4xx_hal_uart.o
 .debug_abbrev  0x0000109c      0x24f Src/main.o
 .debug_abbrev  0x000012eb      0x1a4 Src/stm32f4xx_hal_msp.o
 .debug_abbrev  0x0000148f      0x178 Src/stm32f4xx_it.o
 .debug_abbrev  0x00001607      0x111 Src/system_stm32f4xx.o
 .debug_abbrev  0x00001718       0x12 startup/startup_stm32f446xx.o

.debug_loc      0x00000000     0x3d00
 .debug_loc     0x00000000       0xfd Drivers/STM32F4xx_HAL_Driver/Src/stm32f4xx_hal.o
 .debug_loc     0x000000fd      0x5ce Drivers/STM32F4xx_HAL_Driver/Src/stm32f4xx_hal_cortex.o
 .debug_loc     0x000006cb      0xb4e Drivers/STM32F4xx_HAL_Driver/Src/stm32f4xx_hal_dma.o
 .debug_loc     0x00001219      0x497 Drivers/STM32F4xx_HAL_Driver/Src/stm32f4xx_hal_gpio.o
 .debug_loc     0x000016b0      0x3f1 Drivers/STM32F4xx_HAL_Driver/Src/stm32f4xx_hal_rcc.o
 .debug_loc     0x00001aa1      0xb5e Drivers/STM32F4xx_HAL_Driver/Src/stm32f4xx_hal_rcc_ex.o
 .debug_loc     0x000025ff     0x154f Drivers/STM32F4xx_HAL_Driver/Src/stm32f4xx_hal_uart.o
 .debug_loc     0x00003b4e       0x74 Src/stm32f4xx_hal_msp.o
 .debug_loc     0x00003bc2      0x13e Src/system_stm32f4xx.o

.debug_aranges  0x00000000      0x688
 .debug_aranges
                0x00000000       0xf0 Drivers/STM32F4xx_HAL_Driver/Src/stm32f4xx_hal.o
 .debug_aranges
                0x000000f0       0xa8 Drivers/STM32F4xx_HAL_Driver/Src/stm32f4xx_hal_cortex.o
 .debug_aranges
                0x00000198       0x90 Drivers/STM32F4xx_HAL_Driver/Src/stm32f4xx_hal_dma.o
 .debug_aranges
                0x00000228       0x58 Drivers/STM32F4xx_HAL_Driver/Src/stm32f4xx_hal_gpio.o
 .debug_aranges
                0x00000280       0x88 Drivers/STM32F4xx_HAL_Driver/Src/stm32f4xx_hal_rcc.o
 .debug_aranges
                0x00000308       0x78 Drivers/STM32F4xx_HAL_Driver/Src/stm32f4xx_hal_rcc_ex.o
 .debug_aranges
                0x00000380      0x1d0 Drivers/STM32F4xx_HAL_Driver/Src/stm32f4xx_hal_uart.o
 .debug_aranges
                0x00000550       0x50 Src/main.o
 .debug_aranges
                0x000005a0       0x30 Src/stm32f4xx_hal_msp.o
 .debug_aranges
                0x000005d0       0x68 Src/stm32f4xx_it.o
 .debug_aranges
                0x00000638       0x28 Src/system_stm32f4xx.o
 .debug_aranges
                0x00000660       0x28 startup/startup_stm32f446xx.o

.debug_ranges   0x00000000      0x660
 .debug_ranges  0x00000000       0xe0 Drivers/STM32F4xx_HAL_Driver/Src/stm32f4xx_hal.o
 .debug_ranges  0x000000e0       0xf8 Drivers/STM32F4xx_HAL_Driver/Src/stm32f4xx_hal_cortex.o
 .debug_ranges  0x000001d8       0x80 Drivers/STM32F4xx_HAL_Driver/Src/stm32f4xx_hal_dma.o
 .debug_ranges  0x00000258       0x48 Drivers/STM32F4xx_HAL_Driver/Src/stm32f4xx_hal_gpio.o
 .debug_ranges  0x000002a0       0x90 Drivers/STM32F4xx_HAL_Driver/Src/stm32f4xx_hal_rcc.o
 .debug_ranges  0x00000330       0x80 Drivers/STM32F4xx_HAL_Driver/Src/stm32f4xx_hal_rcc_ex.o
 .debug_ranges  0x000003b0      0x1c0 Drivers/STM32F4xx_HAL_Driver/Src/stm32f4xx_hal_uart.o
 .debug_ranges  0x00000570       0x40 Src/main.o
 .debug_ranges  0x000005b0       0x20 Src/stm32f4xx_hal_msp.o
 .debug_ranges  0x000005d0       0x58 Src/stm32f4xx_it.o
 .debug_ranges  0x00000628       0x18 Src/system_stm32f4xx.o
 .debug_ranges  0x00000640       0x20 startup/startup_stm32f446xx.o

.debug_macro    0x00000000    0x1ffec
 .debug_macro   0x00000000      0x21a Drivers/STM32F4xx_HAL_Driver/Src/stm32f4xx_hal.o
 .debug_macro   0x0000021a      0xa60 Drivers/STM32F4xx_HAL_Driver/Src/stm32f4xx_hal.o
 .debug_macro   0x00000c7a      0x186 Drivers/STM32F4xx_HAL_Driver/Src/stm32f4xx_hal.o
 .debug_macro   0x00000e00       0x32 Drivers/STM32F4xx_HAL_Driver/Src/stm32f4xx_hal.o
 .debug_macro   0x00000e32       0x28 Drivers/STM32F4xx_HAL_Driver/Src/stm32f4xx_hal.o
 .debug_macro   0x00000e5a       0x22 Drivers/STM32F4xx_HAL_Driver/Src/stm32f4xx_hal.o
 .debug_macro   0x00000e7c       0x8e Drivers/STM32F4xx_HAL_Driver/Src/stm32f4xx_hal.o
 .debug_macro   0x00000f0a       0x51 Drivers/STM32F4xx_HAL_Driver/Src/stm32f4xx_hal.o
 .debug_macro   0x00000f5b       0xef Drivers/STM32F4xx_HAL_Driver/Src/stm32f4xx_hal.o
 .debug_macro   0x0000104a       0x6a Drivers/STM32F4xx_HAL_Driver/Src/stm32f4xx_hal.o
 .debug_macro   0x000010b4      0x1df Drivers/STM32F4xx_HAL_Driver/Src/stm32f4xx_hal.o
 .debug_macro   0x00001293       0x1c Drivers/STM32F4xx_HAL_Driver/Src/stm32f4xx_hal.o
 .debug_macro   0x000012af       0x22 Drivers/STM32F4xx_HAL_Driver/Src/stm32f4xx_hal.o
 .debug_macro   0x000012d1       0xdf Drivers/STM32F4xx_HAL_Driver/Src/stm32f4xx_hal.o
 .debug_macro   0x000013b0     0x102d Drivers/STM32F4xx_HAL_Driver/Src/stm32f4xx_hal.o
 .debug_macro   0x000023dd      0x11f Drivers/STM32F4xx_HAL_Driver/Src/stm32f4xx_hal.o
 .debug_macro   0x000024fc    0x16734 Drivers/STM32F4xx_HAL_Driver/Src/stm32f4xx_hal.o
 .debug_macro   0x00018c30       0x43 Drivers/STM32F4xx_HAL_Driver/Src/stm32f4xx_hal.o
 .debug_macro   0x00018c73     0x35d4 Drivers/STM32F4xx_HAL_Driver/Src/stm32f4xx_hal.o
 .debug_macro   0x0001c247      0x174 Drivers/STM32F4xx_HAL_Driver/Src/stm32f4xx_hal.o
 .debug_macro   0x0001c3bb       0x4e Drivers/STM32F4xx_HAL_Driver/Src/stm32f4xx_hal.o
 .debug_macro   0x0001c409      0xc90 Drivers/STM32F4xx_HAL_Driver/Src/stm32f4xx_hal.o
 .debug_macro   0x0001d099      0x9fe Drivers/STM32F4xx_HAL_Driver/Src/stm32f4xx_hal.o
 .debug_macro   0x0001da97       0xed Drivers/STM32F4xx_HAL_Driver/Src/stm32f4xx_hal.o
 .debug_macro   0x0001db84      0x117 Drivers/STM32F4xx_HAL_Driver/Src/stm32f4xx_hal.o
 .debug_macro   0x0001dc9b      0x1a0 Drivers/STM32F4xx_HAL_Driver/Src/stm32f4xx_hal.o
 .debug_macro   0x0001de3b       0x27 Drivers/STM32F4xx_HAL_Driver/Src/stm32f4xx_hal.o
 .debug_macro   0x0001de62      0x287 Drivers/STM32F4xx_HAL_Driver/Src/stm32f4xx_hal.o
 .debug_macro   0x0001e0e9       0x5f Drivers/STM32F4xx_HAL_Driver/Src/stm32f4xx_hal.o
 .debug_macro   0x0001e148      0x236 Drivers/STM32F4xx_HAL_Driver/Src/stm32f4xx_hal.o
 .debug_macro   0x0001e37e      0x132 Drivers/STM32F4xx_HAL_Driver/Src/stm32f4xx_hal.o
 .debug_macro   0x0001e4b0      0x29c Drivers/STM32F4xx_HAL_Driver/Src/stm32f4xx_hal.o
 .debug_macro   0x0001e74c       0x2e Drivers/STM32F4xx_HAL_Driver/Src/stm32f4xx_hal.o
 .debug_macro   0x0001e77a      0x11a Drivers/STM32F4xx_HAL_Driver/Src/stm32f4xx_hal.o
 .debug_macro   0x0001e894       0xe8 Drivers/STM32F4xx_HAL_Driver/Src/stm32f4xx_hal.o
 .debug_macro   0x0001e97c       0x89 Drivers/STM32F4xx_HAL_Driver/Src/stm32f4xx_hal.o
 .debug_macro   0x0001ea05      0x287 Drivers/STM32F4xx_HAL_Driver/Src/stm32f4xx_hal.o
 .debug_macro   0x0001ec8c      0x126 Drivers/STM32F4xx_HAL_Driver/Src/stm32f4xx_hal.o
 .debug_macro   0x0001edb2      0x1ba Drivers/STM32F4xx_HAL_Driver/Src/stm32f4xx_hal_cortex.o
 .debug_macro   0x0001ef6c      0x1c0 Drivers/STM32F4xx_HAL_Driver/Src/stm32f4xx_hal_dma.o
 .debug_macro   0x0001f12c      0x1f0 Drivers/STM32F4xx_HAL_Driver/Src/stm32f4xx_hal_gpio.o
 .debug_macro   0x0001f31c      0x1de Drivers/STM32F4xx_HAL_Driver/Src/stm32f4xx_hal_rcc.o
 .debug_macro   0x0001f4fa      0x1ba Drivers/STM32F4xx_HAL_Driver/Src/stm32f4xx_hal_rcc_ex.o
 .debug_macro   0x0001f6b4      0x1bb Drivers/STM32F4xx_HAL_Driver/Src/stm32f4xx_hal_uart.o
 .debug_macro   0x0001f86f      0x1c9 Src/main.o
 .debug_macro   0x0001fa38       0x58 Src/main.o
 .debug_macro   0x0001fa90      0x1c9 Src/stm32f4xx_hal_msp.o
 .debug_macro   0x0001fc59      0x1d3 Src/stm32f4xx_it.o
 .debug_macro   0x0001fe2c      0x1c0 Src/system_stm32f4xx.o

.debug_line     0x00000000     0x64ef
 .debug_line    0x00000000      0x8b3 Drivers/STM32F4xx_HAL_Driver/Src/stm32f4xx_hal.o
 .debug_line    0x000008b3      0x909 Drivers/STM32F4xx_HAL_Driver/Src/stm32f4xx_hal_cortex.o
 .debug_line    0x000011bc      0x9e0 Drivers/STM32F4xx_HAL_Driver/Src/stm32f4xx_hal_dma.o
 .debug_line    0x00001b9c      0x835 Drivers/STM32F4xx_HAL_Driver/Src/stm32f4xx_hal_gpio.o
 .debug_line    0x000023d1      0x92b Drivers/STM32F4xx_HAL_Driver/Src/stm32f4xx_hal_rcc.o
 .debug_line    0x00002cfc      0xaee Drivers/STM32F4xx_HAL_Driver/Src/stm32f4xx_hal_rcc_ex.o
 .debug_line    0x000037ea      0xff5 Drivers/STM32F4xx_HAL_Driver/Src/stm32f4xx_hal_uart.o
 .debug_line    0x000047df      0x772 Src/main.o
 .debug_line    0x00004f51      0x6ee Src/stm32f4xx_hal_msp.o
 .debug_line    0x0000563f      0x756 Src/stm32f4xx_it.o
 .debug_line    0x00005d95      0x6db Src/system_stm32f4xx.o
 .debug_line    0x00006470       0x7f startup/startup_stm32f446xx.o

.debug_str      0x00000000    0xc3104
 .debug_str     0x00000000    0xc149f Drivers/STM32F4xx_HAL_Driver/Src/stm32f4xx_hal.o
                              0xc1839 (size before relaxing)
 .debug_str     0x000c149f      0x3a8 Drivers/STM32F4xx_HAL_Driver/Src/stm32f4xx_hal_cortex.o
                              0xc154a (size before relaxing)
 .debug_str     0x000c1847      0x544 Drivers/STM32F4xx_HAL_Driver/Src/stm32f4xx_hal_dma.o
                              0xc106e (size before relaxing)
 .debug_str     0x000c1d8b      0x292 Drivers/STM32F4xx_HAL_Driver/Src/stm32f4xx_hal_gpio.o
                              0xc0eb1 (size before relaxing)
 .debug_str     0x000c201d      0x389 Drivers/STM32F4xx_HAL_Driver/Src/stm32f4xx_hal_rcc.o
                              0xc1080 (size before relaxing)
 .debug_str     0x000c23a6      0x324 Drivers/STM32F4xx_HAL_Driver/Src/stm32f4xx_hal_rcc_ex.o
                              0xc10cf (size before relaxing)
 .debug_str     0x000c26ca      0x6e4 Drivers/STM32F4xx_HAL_Driver/Src/stm32f4xx_hal_uart.o
                              0xc14f7 (size before relaxing)
 .debug_str     0x000c2dae      0x1e2 Src/main.o
                              0xc1a21 (size before relaxing)
 .debug_str     0x000c2f90       0x1b Src/stm32f4xx_hal_msp.o
                              0xc11e9 (size before relaxing)
 .debug_str     0x000c2fab       0xd0 Src/stm32f4xx_it.o
                              0xc0f13 (size before relaxing)
 .debug_str     0x000c307b       0x5a Src/system_stm32f4xx.o
                              0xc0c6d (size before relaxing)
 .debug_str     0x000c30d5       0x2f startup/startup_stm32f446xx.o
                                 0x5e (size before relaxing)

.comment        0x00000000       0x7f
 .comment       0x00000000       0x7f Drivers/STM32F4xx_HAL_Driver/Src/stm32f4xx_hal.o
                                 0x80 (size before relaxing)
 .comment       0x0000007f       0x80 Drivers/STM32F4xx_HAL_Driver/Src/stm32f4xx_hal_cortex.o
 .comment       0x0000007f       0x80 Drivers/STM32F4xx_HAL_Driver/Src/stm32f4xx_hal_dma.o
 .comment       0x0000007f       0x80 Drivers/STM32F4xx_HAL_Driver/Src/stm32f4xx_hal_gpio.o
 .comment       0x0000007f       0x80 Drivers/STM32F4xx_HAL_Driver/Src/stm32f4xx_hal_rcc.o
 .comment       0x0000007f       0x80 Drivers/STM32F4xx_HAL_Driver/Src/stm32f4xx_hal_rcc_ex.o
 .comment       0x0000007f       0x80 Drivers/STM32F4xx_HAL_Driver/Src/stm32f4xx_hal_uart.o
 .comment       0x0000007f       0x80 Src/main.o
 .comment       0x0000007f       0x80 Src/stm32f4xx_hal_msp.o
 .comment       0x0000007f       0x80 Src/stm32f4xx_it.o
 .comment       0x0000007f       0x80 Src/system_stm32f4xx.o

.debug_frame    0x00000000     0x1024
 .debug_frame   0x00000000      0x1ec Drivers/STM32F4xx_HAL_Driver/Src/stm32f4xx_hal.o
 .debug_frame   0x000001ec      0x15c Drivers/STM32F4xx_HAL_Driver/Src/stm32f4xx_hal_cortex.o
 .debug_frame   0x00000348      0x188 Drivers/STM32F4xx_HAL_Driver/Src/stm32f4xx_hal_dma.o
 .debug_frame   0x000004d0       0xd8 Drivers/STM32F4xx_HAL_Driver/Src/stm32f4xx_hal_gpio.o
 .debug_frame   0x000005a8      0x184 Drivers/STM32F4xx_HAL_Driver/Src/stm32f4xx_hal_rcc.o
 .debug_frame   0x0000072c      0x148 Drivers/STM32F4xx_HAL_Driver/Src/stm32f4xx_hal_rcc_ex.o
 .debug_frame   0x00000874      0x4f0 Drivers/STM32F4xx_HAL_Driver/Src/stm32f4xx_hal_uart.o
 .debug_frame   0x00000d64       0xc0 Src/main.o
 .debug_frame   0x00000e24       0x64 Src/stm32f4xx_hal_msp.o
 .debug_frame   0x00000e88       0xc0 Src/stm32f4xx_it.o
 .debug_frame   0x00000f48       0x30 Src/system_stm32f4xx.o
 .debug_frame   0x00000f78       0x2c z:/softwares/open_stm/intallation/plugins/fr.ac6.mcu.externaltools.arm-none.win32_1.17.0.201812190825/tools/compiler/bin/../lib/gcc/arm-none-eabi/7.3.1/thumb/v7e-m/fpv4-sp/hard\libgcc.a(_aeabi_uldivmod.o)
 .debug_frame   0x00000fa4       0x34 z:/softwares/open_stm/intallation/plugins/fr.ac6.mcu.externaltools.arm-none.win32_1.17.0.201812190825/tools/compiler/bin/../lib/gcc/arm-none-eabi/7.3.1/thumb/v7e-m/fpv4-sp/hard\libgcc.a(_udivmoddi4.o)
 .debug_frame   0x00000fd8       0x2c z:/softwares/open_stm/intallation/plugins/fr.ac6.mcu.externaltools.arm-none.win32_1.17.0.201812190825/tools/compiler/bin/../lib/gcc/arm-none-eabi/7.3.1/../../../../arm-none-eabi/lib/thumb/v7e-m/fpv4-sp/hard\libc_nano.a(lib_a-init.o)
 .debug_frame   0x00001004       0x20 z:/softwares/open_stm/intallation/plugins/fr.ac6.mcu.externaltools.arm-none.win32_1.17.0.201812190825/tools/compiler/bin/../lib/gcc/arm-none-eabi/7.3.1/../../../../arm-none-eabi/lib/thumb/v7e-m/fpv4-sp/hard\libc_nano.a(lib_a-memset.o)
